// Jest Snapshot v1, https://goo.gl/fbAQLP

exports[`should display create account and sign in links 1`] = `
ShallowWrapper {
  "length": 1,
  Symbol(enzyme.__root__): [Circular],
  Symbol(enzyme.__unrendered__): <LandingPage />,
  Symbol(enzyme.__renderer__): Object {
    "batchedUpdates": [Function],
    "getNode": [Function],
    "render": [Function],
    "simulateEvent": [Function],
    "unmount": [Function],
  },
  Symbol(enzyme.__node__): Object {
    "instance": null,
    "key": undefined,
    "nodeType": "host",
    "props": Object {
      "children": <div
        className="box-layout__box"
>
        <h1
                className="box-layout__title"
        >
                File It!
        </h1>
        <p>
                Save your files in the cloud. Download from anywhere.
        </p>
        <button
                className="button"
                onClick={[Function]}
                type="button"
        >
                Create Account
        </button>
        <br />
        <button
                className="button"
                onClick={[Function]}
                type="button"
        >
                Sign In
        </button>
</div>,
      "className": "box-layout",
    },
    "ref": null,
    "rendered": Object {
      "instance": null,
      "key": undefined,
      "nodeType": "host",
      "props": Object {
        "children": Array [
          <h1
            className="box-layout__title"
>
            File It!
</h1>,
          <p>
            Save your files in the cloud. Download from anywhere.
</p>,
          <button
            className="button"
            onClick={[Function]}
            type="button"
>
            Create Account
</button>,
          <br />,
          <button
            className="button"
            onClick={[Function]}
            type="button"
>
            Sign In
</button>,
        ],
        "className": "box-layout__box",
      },
      "ref": null,
      "rendered": Array [
        Object {
          "instance": null,
          "key": undefined,
          "nodeType": "host",
          "props": Object {
            "children": "File It!",
            "className": "box-layout__title",
          },
          "ref": null,
          "rendered": "File It!",
          "type": "h1",
        },
        Object {
          "instance": null,
          "key": undefined,
          "nodeType": "host",
          "props": Object {
            "children": "Save your files in the cloud. Download from anywhere.",
          },
          "ref": null,
          "rendered": "Save your files in the cloud. Download from anywhere.",
          "type": "p",
        },
        Object {
          "instance": null,
          "key": undefined,
          "nodeType": "host",
          "props": Object {
            "children": "Create Account",
            "className": "button",
            "onClick": [Function],
            "type": "button",
          },
          "ref": null,
          "rendered": "Create Account",
          "type": "button",
        },
        Object {
          "instance": null,
          "key": undefined,
          "nodeType": "host",
          "props": Object {},
          "ref": null,
          "rendered": null,
          "type": "br",
        },
        Object {
          "instance": null,
          "key": undefined,
          "nodeType": "host",
          "props": Object {
            "children": "Sign In",
            "className": "button",
            "onClick": [Function],
            "type": "button",
          },
          "ref": null,
          "rendered": "Sign In",
          "type": "button",
        },
      ],
      "type": "div",
    },
    "type": "div",
  },
  Symbol(enzyme.__nodes__): Array [
    Object {
      "instance": null,
      "key": undefined,
      "nodeType": "host",
      "props": Object {
        "children": <div
          className="box-layout__box"
>
          <h1
                    className="box-layout__title"
          >
                    File It!
          </h1>
          <p>
                    Save your files in the cloud. Download from anywhere.
          </p>
          <button
                    className="button"
                    onClick={[Function]}
                    type="button"
          >
                    Create Account
          </button>
          <br />
          <button
                    className="button"
                    onClick={[Function]}
                    type="button"
          >
                    Sign In
          </button>
</div>,
        "className": "box-layout",
      },
      "ref": null,
      "rendered": Object {
        "instance": null,
        "key": undefined,
        "nodeType": "host",
        "props": Object {
          "children": Array [
            <h1
              className="box-layout__title"
>
              File It!
</h1>,
            <p>
              Save your files in the cloud. Download from anywhere.
</p>,
            <button
              className="button"
              onClick={[Function]}
              type="button"
>
              Create Account
</button>,
            <br />,
            <button
              className="button"
              onClick={[Function]}
              type="button"
>
              Sign In
</button>,
          ],
          "className": "box-layout__box",
        },
        "ref": null,
        "rendered": Array [
          Object {
            "instance": null,
            "key": undefined,
            "nodeType": "host",
            "props": Object {
              "children": "File It!",
              "className": "box-layout__title",
            },
            "ref": null,
            "rendered": "File It!",
            "type": "h1",
          },
          Object {
            "instance": null,
            "key": undefined,
            "nodeType": "host",
            "props": Object {
              "children": "Save your files in the cloud. Download from anywhere.",
            },
            "ref": null,
            "rendered": "Save your files in the cloud. Download from anywhere.",
            "type": "p",
          },
          Object {
            "instance": null,
            "key": undefined,
            "nodeType": "host",
            "props": Object {
              "children": "Create Account",
              "className": "button",
              "onClick": [Function],
              "type": "button",
            },
            "ref": null,
            "rendered": "Create Account",
            "type": "button",
          },
          Object {
            "instance": null,
            "key": undefined,
            "nodeType": "host",
            "props": Object {},
            "ref": null,
            "rendered": null,
            "type": "br",
          },
          Object {
            "instance": null,
            "key": undefined,
            "nodeType": "host",
            "props": Object {
              "children": "Sign In",
              "className": "button",
              "onClick": [Function],
              "type": "button",
            },
            "ref": null,
            "rendered": "Sign In",
            "type": "button",
          },
        ],
        "type": "div",
      },
      "type": "div",
    },
  ],
  Symbol(enzyme.__options__): Object {
    "adapter": ReactSixteenAdapter {
      "options": Object {
        "enableComponentDidUpdateOnSetState": true,
      },
    },
  },
}
`;
